ANSWER                          = $044C ; addr, local, , jiodbg, , jiodbg.asm:283
ANSWER_END                      = $0453 ; addr, local, , jiodbg, , jiodbg.asm:284
AnsLoop                         = $0211 ; addr, local, , jiodbg, , jiodbg.asm:166
Answer                          = $0206 ; addr, local, , jiodbg, , jiodbg.asm:162
ArgEnd                          = $0197 ; addr, local, , jiodbg, , jiodbg.asm:107
ArgHex                          = $01A4 ; addr, local, , jiodbg, , jiodbg.asm:114
BDOS                            = $0005 ; const, local, , jiodbg, , jiodbg.asm:11
COMMAND                         = $0447 ; addr, local, , jiodbg, , jiodbg.asm:281
COMMAND_DATE_TIME               = $0017 ; const, local, , jiodbg, , jiodbg.asm:12
COMMAND_END                     = $044C ; addr, local, , jiodbg, , jiodbg.asm:282
FIRST                           = $0453 ; addr, local, , jiodbg, , jiodbg.asm:285
FOUND                           = $0454 ; addr, local, , jiodbg, , jiodbg.asm:286
HeaderPE                        = $03FA ; addr, local, , jiodbg, , ../../JIO_NFS/receive.asm:117
HeaderPO                        = $03A6 ; addr, local, , jiodbg, , ../../JIO_NFS/receive.asm:35
HexDigit                        = $0297 ; addr, local, , jiodbg, , jiodbg.asm:234
JIOTransmitLoop                 = $0304 ; addr, local, , jiodbg, , ../../JIO_NFS/transmit.asm:46
MSG_ANSWER                      = $04F6 ; addr, local, , jiodbg, , jiodbg.asm:299
MSG_CHANGES                     = $050C ; addr, local, , jiodbg, , jiodbg.asm:302
MSG_CRLF                        = $0521 ; addr, local, , jiodbg, , jiodbg.asm:304
MSG_FIRST                       = $0505 ; addr, local, , jiodbg, , jiodbg.asm:301
MSG_HEXEND                      = $051D ; addr, local, , jiodbg, , jiodbg.asm:303
MSG_IDLE                        = $049D ; addr, local, , jiodbg, , jiodbg.asm:292
MSG_NO                          = $04AF ; addr, local, , jiodbg, , jiodbg.asm:295
MSG_NOCART                      = $04B4 ; addr, local, , jiodbg, , jiodbg.asm:296
MSG_OK                          = $04A2 ; addr, local, , jiodbg, , jiodbg.asm:294
MSG_PORT                        = $049C ; addr, local, , jiodbg, , jiodbg.asm:291
MSG_RAW                         = $04FF ; addr, local, , jiodbg, , jiodbg.asm:300
MSG_SPACE                       = $04A0 ; addr, local, , jiodbg, , jiodbg.asm:293
MSG_TEST                        = $04D5 ; addr, local, , jiodbg, , jiodbg.asm:297
MSG_TIMEOUT                     = $04EB ; addr, local, , jiodbg, , jiodbg.asm:298
MSG_TITLE                       = $0459 ; addr, local, , jiodbg, , jiodbg.asm:289
MSG_USAGE                       = $0524 ; addr, local, , jiodbg, , jiodbg.asm:305
PORTS                           = $0455 ; addr, local, , jiodbg, , jiodbg.asm:287
PrintChar                       = $02C3 ; addr, local, , jiodbg, , jiodbg.asm:265
PrintDigit                      = $02B9 ; addr, local, , jiodbg, , jiodbg.asm:260
PrintHex                        = $02B0 ; addr, local, , jiodbg, , jiodbg.asm:253
PrintHexC                       = $02AA ; addr, local, , jiodbg, , jiodbg.asm:249
PrintString                     = $02CF ; addr, local, , jiodbg, , jiodbg.asm:273
PrintStringC                    = $02C9 ; addr, local, , jiodbg, , jiodbg.asm:269
Probe                           = $0109 ; addr, local, , jiodbg, , jiodbg.asm:21
ProbeEnd                        = $0183 ; addr, local, , jiodbg, , jiodbg.asm:93
ProbeMsg                        = $0151 ; addr, local, , jiodbg, , jiodbg.asm:55
ProbeNo                         = $0145 ; addr, local, , jiodbg, , jiodbg.asm:49
ProbeValue                      = $0161 ; addr, local, , jiodbg, , jiodbg.asm:68
RX_PE                           = $0412 ; addr, local, , jiodbg, , ../../JIO_NFS/receive.asm:134
RX_PO                           = $03BE ; addr, local, , jiodbg, , ../../JIO_NFS/receive.asm:52
Raw                             = $0227 ; addr, local, , jiodbg, , jiodbg.asm:180
RawCart                         = $024E ; addr, local, , jiodbg, , jiodbg.asm:198
RawLoop                         = $025D ; addr, local, , jiodbg, , jiodbg.asm:204
RawSame                         = $0266 ; addr, local, , jiodbg, , jiodbg.asm:210
ReceiveJoy1                     = $0397 ; addr, local, , jiodbg, , ../../JIO_NFS/receive.asm:23
ReceiveLevel                    = $03A1 ; addr, local, , jiodbg, , ../../JIO_NFS/receive.asm:30
ReceiveOK                       = $03F1 ; addr, local, , jiodbg, , ../../JIO_NFS/receive.asm:104
ReceivePSG                      = $0389 ; addr, local, , jiodbg, , ../../JIO_NFS/receive.asm:15
ReceiveSelect                   = $0399 ; addr, local, , jiodbg, , ../../JIO_NFS/receive.asm:25
RxTimeOut                       = $03F7 ; addr, local, , jiodbg, , ../../JIO_NFS/receive.asm:110
SetPort                         = $01CA ; addr, local, , jiodbg, , jiodbg.asm:134
SkipSp                          = $018F ; addr, local, , jiodbg, , jiodbg.asm:102
TRANSMIT01                      = $031A ; addr, local, , jiodbg, , ../../JIO_NFS/transmit.asm:63
TRANSMIT02                      = $0320 ; addr, local, , jiodbg, , ../../JIO_NFS/transmit.asm:69
TRANSMIT03                      = $0326 ; addr, local, , jiodbg, , ../../JIO_NFS/transmit.asm:74
TRANSMIT04                      = $032C ; addr, local, , jiodbg, , ../../JIO_NFS/transmit.asm:80
TRANSMIT05                      = $0332 ; addr, local, , jiodbg, , ../../JIO_NFS/transmit.asm:85
TRANSMIT06                      = $0338 ; addr, local, , jiodbg, , ../../JIO_NFS/transmit.asm:91
TRANSMIT07                      = $033E ; addr, local, , jiodbg, , ../../JIO_NFS/transmit.asm:96
TRANSMIT10                      = $0343 ; addr, local, , jiodbg, , ../../JIO_NFS/transmit.asm:101
TRANSMIT11                      = $0349 ; addr, local, , jiodbg, , ../../JIO_NFS/transmit.asm:106
TRANSMIT12                      = $034F ; addr, local, , jiodbg, , ../../JIO_NFS/transmit.asm:112
TRANSMIT13                      = $0355 ; addr, local, , jiodbg, , ../../JIO_NFS/transmit.asm:117
TRANSMIT14                      = $035B ; addr, local, , jiodbg, , ../../JIO_NFS/transmit.asm:123
TRANSMIT15                      = $0361 ; addr, local, , jiodbg, , ../../JIO_NFS/transmit.asm:128
TRANSMIT16                      = $0367 ; addr, local, , jiodbg, , ../../JIO_NFS/transmit.asm:134
TRANSMIT17                      = $036D ; addr, local, , jiodbg, , ../../JIO_NFS/transmit.asm:139
TransmitCart                    = $02FD ; addr, local, , jiodbg, , ../../JIO_NFS/transmit.asm:37
TransmitLevels                  = $02FF ; addr, local, , jiodbg, , ../../JIO_NFS/transmit.asm:39
TransmitPSG                     = $02F3 ; addr, local, , jiodbg, , ../../JIO_NFS/transmit.asm:31
Try                             = $01E1 ; addr, local, , jiodbg, , jiodbg.asm:144
Usage                           = $0291 ; addr, local, , jiodbg, , jiodbg.asm:230
UseFound                        = $01BB ; addr, local, , jiodbg, , jiodbg.asm:128
WU_PE                           = $040B ; addr, local, , jiodbg, , ../../JIO_NFS/receive.asm:129
WU_PO                           = $03B7 ; addr, local, , jiodbg, , ../../JIO_NFS/receive.asm:47
_JioPort                        = $02D4 ; addr, local, , jiodbg, , jiodbg.asm:277
__head                          = $0100 ; const, public, def, , ,
__size                          = $0447 ; const, public, def, , ,
__tail                          = $0547 ; const, public, def, , ,
bJIOReceive                     = $0372 ; addr, local, , jiodbg, , ../../JIO_NFS/receive.asm:1
vJIOTransmit2                   = $02E3 ; addr, local, , jiodbg, , ../../JIO_NFS/transmit.asm:20
vJIOTransmit                    = $02D5 ; addr, local, , jiodbg, , ../../JIO_NFS/transmit.asm:1
